[13:25:22] 潜导带教 · 排一天骨架：已有 1 章 · 角色表 8 项
[13:25:58] 潜导带教 · 登记角色：新的人 / 地方 / 道具先进角色表，同类型的从素材库复用
[13:26:00] 潜导带教 骨架：新增 5 格，角色表新增 8 项
[13:26:01] 潜导带教 · 写故事线：07:20 晨检气站与出海清单
[13:26:38] 潜导带教 · 登记角色：新的人 / 地方 / 道具进角色表，同类型的从素材库复用
[13:26:38] 潜导带教 · 保存：存成草稿，检查后再发布
[13:26:38] 潜导带教 ✓ 07:20 晨检气站与出海清单：5 步，新角色 0（画 0、复用 0）
[13:26:39] 潜导带教 · 写故事线：08:00 登船前装备终检
[13:27:25] 潜导带教 · 登记角色：新的人 / 地方 / 道具进角色表，同类型的从素材库复用
[13:27:25] 潜导带教 · 画图：1/3 · P04 阿海
[13:27:46] 潜导带教 · 画图：2/3 · P05 小林
[13:27:59] 潜导带教 · 画图：3/3 · S05 晨光号潜水船甲板
[13:28:10] 潜导带教 · 保存：存成草稿，检查后再发布
[13:28:10] 潜导带教 ✓ 08:00 登船前装备终检：6 步，新角色 0（画 3、复用 0）
[13:28:11] 潜导带教 · 写故事线：09:00 礁区导潜突发处置
[13:28:45] 潜导带教 · 登记角色：新的人 / 地方 / 道具进角色表，同类型的从素材库复用
[13:28:45] 潜导带教 · 画图：1/1 · S06 月湾外礁潜点
[13:28:59] 潜导带教 · 保存：存成草稿，检查后再发布
[13:28:59] 潜导带教 ✓ 09:00 礁区导潜突发处置：5 步，新角色 0（画 1、复用 0）
[13:28:59] 潜导带教 · 写故事线：12:30 返航清洗与客诉安置
[13:29:33] 潜导带教 · 登记角色：新的人 / 地方 / 道具进角色表，同类型的从素材库复用
[13:29:34] 潜导带教 · 画图：1/1 · S07 潜店清洗消毒区
[13:29:46] 潜导带教 · 保存：存成草稿，检查后再发布
[13:29:47] 潜导带教 ✓ 12:30 返航清洗与客诉安置：5 步，新角色 1（画 1、复用 1）
[13:29:47] 潜导带教 · 写故事线：16:30 日志复盘与晚班交接
[13:30:32] 潜导带教 · 登记角色：新的人 / 地方 / 道具进角色表，同类型的从素材库复用
[13:30:32] 潜导带教 · 画图：1/1 · P06 孙岚
[13:30:46] 潜导带教 · 保存：存成草稿，检查后再发布
[13:30:46] 潜导带教 ✓ 16:30 日志复盘与晚班交接：5 步，新角色 1（画 1、复用 0）
[13:30:47] 潜导带教 完成：6 章（07:20 → 07:45 → 08:00 → 09:00 → 12:30 → 16:30），留草稿 3 章，提醒 1 条
[13:30:47] 潜导带教 留草稿：
    09:00 礁区导潜突发处置：第 4 步至少要两个选项
    12:30 返航清洗与客诉安置：第 1 步至少要两个选项
    16:30 日志复盘与晚班交接：第 1 步至少要两个选项
[13:32:18] 潜导带教 已有 6 章，跳过排骨架
[13:32:18] 潜导带教 · 写故事线：09:00 礁区导潜突发处置
[13:33:12] 潜导带教 · 登记角色：新的人 / 地方 / 道具进角色表，同类型的从素材库复用
[13:33:13] 潜导带教 · 保存：存成草稿，检查后再发布
[13:33:13] 潜导带教 ✓ 09:00 礁区导潜突发处置：5 步，新角色 1（画 0、复用 0）
[13:33:13] 潜导带教 · 写故事线：12:30 返航清洗与客诉安置
[13:33:54] 潜导带教 · 登记角色：新的人 / 地方 / 道具进角色表，同类型的从素材库复用
[13:33:54] 潜导带教 · 画图：1/1 · P07 阿岳
[13:34:17] 潜导带教 · 保存：存成草稿，检查后再发布
[13:34:17] 潜导带教 ✓ 12:30 返航清洗与客诉安置：5 步，新角色 1（画 1、复用 1）
[13:34:18] 潜导带教 · 写故事线：16:30 日志复盘与晚班交接
[13:34:59] 潜导带教 · 登记角色：新的人 / 地方 / 道具进角色表，同类型的从素材库复用
[13:34:59] 潜导带教 · 保存：存成草稿，检查后再发布
[13:34:59] 潜导带教 ✓ 16:30 日志复盘与晚班交接：5 步，新角色 0（画 0、复用 0）
[13:35:00] 潜导带教 完成：6 章（07:20 → 07:45 → 08:00 → 09:00 → 12:30 → 16:30），留草稿 0 章，提醒 0 条
