[13:25:22] 律师 · 排一天骨架：已有 1 章 · 角色表 5 项
[13:25:58] 律师 · 登记角色：新的人 / 地方 / 道具先进角色表，同类型的从素材库复用
[13:26:00] 律师 骨架：新增 5 格，角色表新增 7 项
[13:26:01] 律师 · 写故事线：08:30 晨间案情拆解
[13:26:34] 律师 · 登记角色：新的人 / 地方 / 道具进角色表，同类型的从素材库复用
[13:26:34] 律师 · 画图：1/2 · P02 陈先生
[13:26:49] 律师 · 画图：2/2 · P03 周敏
[13:27:01] 律师 · 保存：存成草稿，检查后再发布
[13:27:01] 律师 ✓ 08:30 晨间案情拆解：5 步，新角色 0（画 2、复用 0）
[13:27:01] 律师 · 写故事线：11:20 证据链与起诉状成稿
[13:27:45] 律师 · 登记角色：新的人 / 地方 / 道具进角色表，同类型的从素材库复用
[13:27:45] 律师 · 保存：存成草稿，检查后再发布
[13:27:45] 律师 ✓ 11:20 证据链与起诉状成稿：5 步，新角色 0（画 0、复用 0）
[13:27:45] 律师 · 写故事线：14:00 立案窗口突发补正
[13:28:11] 律师 · 登记角色：新的人 / 地方 / 道具进角色表，同类型的从素材库复用
[13:28:11] 律师 · 画图：1/2 · S04 法院立案大厅
[13:28:25] 律师 · 画图：2/2 · S05 市场监督管理档案服务区
[13:28:38] 律师 · 保存：存成草稿，检查后再发布
[13:28:38] 律师 ✓ 14:00 立案窗口突发补正：5 步，新角色 0（画 2、复用 0）
[13:28:39] 律师 · 写故事线：15:30 客户会谈与待办确认
[13:29:09] 律师 · 登记角色：新的人 / 地方 / 道具进角色表，同类型的从素材库复用
[13:29:09] 律师 · 保存：存成草稿，检查后再发布
[13:29:09] 律师 ✓ 15:30 客户会谈与待办确认：5 步，新角色 0（画 0、复用 0）
[13:29:10] 律师 · 写故事线：17:30 归档交接与监测收尾
[13:29:39] 律师 · 登记角色：新的人 / 地方 / 道具进角色表，同类型的从素材库复用
[13:29:39] 律师 · 保存：存成草稿，检查后再发布
[13:29:39] 律师 ✓ 17:30 归档交接与监测收尾：5 步，新角色 0（画 0、复用 0）
[13:29:40] 律师 完成：6 章（08:30 → 10:00 → 11:20 → 14:00 → 15:30 → 17:30），留草稿 1 章，提醒 0 条
[13:29:40] 律师 留草稿：
    15:30 客户会谈与待办确认：第 4 步至少要两个选项
[13:32:18] 律师 已有 6 章，跳过排骨架
[13:32:18] 律师 · 写故事线：15:30 客户会谈与待办确认
[13:33:00] 律师 · 登记角色：新的人 / 地方 / 道具进角色表，同类型的从素材库复用
[13:33:00] 律师 · 保存：存成草稿，检查后再发布
[13:33:00] 律师 ✓ 15:30 客户会谈与待办确认：5 步，新角色 0（画 0、复用 0）
[13:33:00] 律师 完成：6 章（08:30 → 10:00 → 11:20 → 14:00 → 15:30 → 17:30），留草稿 0 章，提醒 0 条
