[13:25:22] 拉花师傅 · 排一天骨架：已有 1 章 · 角色表 6 项
[13:25:50] 拉花师傅 · 登记角色：新的人 / 地方 / 道具先进角色表，同类型的从素材库复用
[13:25:52] 拉花师傅 骨架：新增 5 格，角色表新增 7 项
[13:25:53] 拉花师傅 · 写故事线：08:00 开店检查与晨会
[13:26:34] 拉花师傅 · 登记角色：新的人 / 地方 / 道具进角色表，同类型的从素材库复用
[13:26:34] 拉花师傅 · 画图：1/2 · P03 小林
[13:26:59] 拉花师傅 · 画图：2/2 · S05 后仓物料间
[13:27:19] 拉花师傅 · 保存：存成草稿，检查后再发布
[13:27:19] 拉花师傅 ✓ 08:00 开店检查与晨会：5 步，新角色 0（画 2、复用 0）
[13:27:19] 拉花师傅 · 写故事线：10:30 接待点单与出品
[13:28:08] 拉花师傅 · 登记角色：新的人 / 地方 / 道具进角色表，同类型的从素材库复用
[13:28:08] 拉花师傅 · 画图：1/1 · P04 王姐
[13:28:26] 拉花师傅 · 保存：存成草稿，检查后再发布
[13:28:26] 拉花师傅 ✓ 10:30 接待点单与出品：5 步，新角色 0（画 1、复用 0）
[13:28:27] 拉花师傅 · 写故事线：12:00 午高峰错单处置
[13:29:02] 拉花师傅 · 登记角色：新的人 / 地方 / 道具进角色表，同类型的从素材库复用
[13:29:02] 拉花师傅 · 保存：存成草稿，检查后再发布
[13:29:03] 拉花师傅 ✓ 12:00 午高峰错单处置：5 步，新角色 0（画 0、复用 0）
[13:29:03] 拉花师傅 · 写故事线：15:30 补货盘点与带教
[13:29:37] 拉花师傅 · 登记角色：新的人 / 地方 / 道具进角色表，同类型的从素材库复用
[13:29:37] 拉花师傅 · 保存：存成草稿，检查后再发布
[13:29:37] 拉花师傅 ✓ 15:30 补货盘点与带教：5 步，新角色 0（画 0、复用 0）
[13:29:37] 拉花师傅 · 写故事线：18:30 晚班交接与闭店
[13:30:16] 拉花师傅 · 登记角色：新的人 / 地方 / 道具进角色表，同类型的从素材库复用
[13:30:16] 拉花师傅 · 画图：1/1 · S04 客区靠窗长桌
[13:30:29] 拉花师傅 · 保存：存成草稿，检查后再发布
[13:30:29] 拉花师傅 ✓ 18:30 晚班交接与闭店：5 步，新角色 0（画 1、复用 0）
[13:30:30] 拉花师傅 完成：6 章（08:00 → 09:00 → 10:30 → 12:00 → 15:30 → 18:30），留草稿 0 章，提醒 2 条
