[13:25:22] 月嫂带教官 · 排一天骨架：已有 1 章 · 角色表 9 项
[13:25:51] 月嫂带教官 · 登记角色：新的人 / 地方 / 道具先进角色表，同类型的从素材库复用
[13:25:53] 月嫂带教官 骨架：新增 7 格，角色表新增 8 项
[13:25:53] 月嫂带教官 · 写故事线：07:40 晨间交接与备物自检
[13:26:33] 月嫂带教官 · 登记角色：新的人 / 地方 / 道具进角色表，同类型的从素材库复用
[13:26:34] 月嫂带教官 · 保存：存成草稿，检查后再发布
[13:26:34] 月嫂带教官 ✓ 07:40 晨间交接与备物自检：5 步，新角色 2（画 0、复用 1）
[13:26:35] 月嫂带教官 · 写故事线：09:20 异常上报与家属安抚
[13:27:08] 月嫂带教官 · 登记角色：新的人 / 地方 / 道具进角色表，同类型的从素材库复用
[13:27:08] 月嫂带教官 · 画图：1/1 · P05 林护士
[13:27:20] 月嫂带教官 · 保存：存成草稿，检查后再发布
[13:27:20] 月嫂带教官 ✓ 09:20 异常上报与家属安抚：5 步，新角色 0（画 1、复用 0）
[13:27:21] 月嫂带教官 · 写故事线：10:10 新生儿清洁护理示范
[13:27:55] 月嫂带教官 · 登记角色：新的人 / 地方 / 道具进角色表，同类型的从素材库复用
[13:27:56] 月嫂带教官 · 保存：存成草稿，检查后再发布
[13:27:56] 月嫂带教官 ✓ 10:10 新生儿清洁护理示范：5 步，新角色 1（画 0、复用 1）
[13:27:56] 月嫂带教官 · 写故事线：11:30 母乳喂养观察记录
[13:28:29] 月嫂带教官 · 登记角色：新的人 / 地方 / 道具进角色表，同类型的从素材库复用
[13:28:29] 月嫂带教官 · 保存：存成草稿，检查后再发布
[13:28:29] 月嫂带教官 ✓ 11:30 母乳喂养观察记录：5 步，新角色 0（画 0、复用 0）
[13:28:29] 月嫂带教官 · 写故事线：14:30 月子餐与康复陪练
[13:28:56] 月嫂带教官 · 登记角色：新的人 / 地方 / 道具进角色表，同类型的从素材库复用
[13:28:56] 月嫂带教官 · 画图：1/2 · P06 周宁
[13:29:09] 月嫂带教官 · 画图：2/2 · S05 中央配餐间
[13:29:24] 月嫂带教官 · 保存：存成草稿，检查后再发布
[13:29:24] 月嫂带教官 ✓ 14:30 月子餐与康复陪练：5 步，新角色 0（画 2、复用 0）
[13:29:24] 月嫂带教官 · 写故事线：16:20 消毒收纳与黄疸复查
[13:30:04] 月嫂带教官 · 登记角色：新的人 / 地方 / 道具进角色表，同类型的从素材库复用
[13:30:04] 月嫂带教官 · 画图：1/1 · S07 N4分类消毒工位
[13:30:19] 月嫂带教官 · 保存：存成草稿，检查后再发布
[13:30:19] 月嫂带教官 ✓ 16:20 消毒收纳与黄疸复查：5 步，新角色 0（画 1、复用 0）
[13:30:19] 月嫂带教官 · 写故事线：18:00 日终记录与晚班交接
[13:31:08] 月嫂带教官 · 登记角色：新的人 / 地方 / 道具进角色表，同类型的从素材库复用
[13:31:08] 月嫂带教官 · 保存：存成草稿，检查后再发布
[13:31:08] 月嫂带教官 ✓ 18:00 日终记录与晚班交接：5 步，新角色 0（画 0、复用 0）
[13:31:10] 月嫂带教官 完成：8 章（07:40 → 08:30 → 09:20 → 10:10 → 11:30 → 14:30 → 16:20 → 18:00），留草稿 2 章，提醒 0 条
[13:31:10] 月嫂带教官 留草稿：
    11:30 母乳喂养观察记录：第 2 步至少要两个选项
    18:00 日终记录与晚班交接：第 2 步至少要两个选项；第 3 步至少要两个选项
[13:32:18] 月嫂带教官 已有 8 章，跳过排骨架
[13:32:18] 月嫂带教官 · 写故事线：11:30 母乳喂养观察记录
[13:32:56] 月嫂带教官 · 登记角色：新的人 / 地方 / 道具进角色表，同类型的从素材库复用
[13:32:56] 月嫂带教官 · 保存：存成草稿，检查后再发布
[13:32:56] 月嫂带教官 ✓ 11:30 母乳喂养观察记录：5 步，新角色 0（画 0、复用 0）
[13:32:56] 月嫂带教官 · 写故事线：18:00 日终记录与晚班交接
[13:33:33] 月嫂带教官 · 登记角色：新的人 / 地方 / 道具进角色表，同类型的从素材库复用
[13:33:33] 月嫂带教官 · 画图：1/1 · P07 陈敏
[13:33:48] 月嫂带教官 · 保存：存成草稿，检查后再发布
[13:33:48] 月嫂带教官 ✓ 18:00 日终记录与晚班交接：4 步，新角色 1（画 1、复用 0）
[13:33:49] 月嫂带教官 完成：8 章（07:40 → 08:30 → 09:20 → 10:10 → 11:30 → 14:30 → 16:20 → 18:00），留草稿 0 章，提醒 0 条
