[13:25:22] 焊工师傅 · 排一天骨架：已有 1 章 · 角色表 6 项
[13:25:46] 焊工师傅 · 登记角色：新的人 / 地方 / 道具先进角色表，同类型的从素材库复用
[13:25:48] 焊工师傅 骨架：新增 6 格，角色表新增 8 项
[13:25:49] 焊工师傅 · 写故事线：08:30 晨会锁定试制任务
[13:26:21] 焊工师傅 · 登记角色：新的人 / 地方 / 道具进角色表，同类型的从素材库复用
[13:26:21] 焊工师傅 · 保存：存成草稿，检查后再发布
[13:26:22] 焊工师傅 ✓ 08:30 晨会锁定试制任务：5 步，新角色 0（画 0、复用 0）
[13:26:22] 焊工师傅 · 写故事线：10:10 焊材复验与记录封存
[13:26:57] 焊工师傅 · 登记角色：新的人 / 地方 / 道具进角色表，同类型的从素材库复用
[13:26:58] 焊工师傅 · 保存：存成草稿，检查后再发布
[13:26:58] 焊工师傅 ✓ 10:10 焊材复验与记录封存：5 步，新角色 2（画 0、复用 2）
[13:26:58] 焊工师傅 · 写故事线：13:00 产线突发气孔报警
[13:27:29] 焊工师傅 · 登记角色：新的人 / 地方 / 道具进角色表，同类型的从素材库复用
[13:27:30] 焊工师傅 · 画图：1/2 · S04 N3
[13:27:50] 焊工师傅 · 画图：2/2 · P05 周师傅
[13:28:10] 焊工师傅 · 保存：存成草稿，检查后再发布
[13:28:10] 焊工师傅 ✓ 13:00 产线突发气孔报警：5 步，新角色 1（画 2、复用 0）
[13:28:11] 焊工师傅 · 写故事线：14:20 追溯参数定位瓶颈
[13:28:45] 焊工师傅 · 登记角色：新的人 / 地方 / 道具进角色表，同类型的从素材库复用
[13:28:45] 焊工师傅 · 画图：1/4 · P03 刘工
[13:29:09] 焊工师傅 · 画图：2/4 · P04 马师傅
[13:29:21] 焊工师傅 · 画图：3/4 · S05 N4
[13:29:36] 焊工师傅 · 画图：4/4 · P06 小林
[13:29:47] 焊工师傅 · 保存：存成草稿，检查后再发布
[13:29:47] 焊工师傅 ✓ 14:20 追溯参数定位瓶颈：5 步，新角色 1（画 4、复用 0）
[13:29:47] 焊工师傅 · 写故事线：15:40 发布临时工艺控制卡
[13:30:23] 焊工师傅 · 登记角色：新的人 / 地方 / 道具进角色表，同类型的从素材库复用
[13:30:23] 焊工师傅 · 保存：存成草稿，检查后再发布
[13:30:23] 焊工师傅 ✓ 15:40 发布临时工艺控制卡：5 步，新角色 1（画 0、复用 1）
[13:30:23] 焊工师傅 · 写故事线：17:10 交接整改与次日验证
[13:30:51] 焊工师傅 · 登记角色：新的人 / 地方 / 道具进角色表，同类型的从素材库复用
[13:30:51] 焊工师傅 · 保存：存成草稿，检查后再发布
[13:30:51] 焊工师傅 ✓ 17:10 交接整改与次日验证：5 步，新角色 0（画 0、复用 0）
[13:30:52] 焊工师傅 完成：7 章（08:30 → 09:00 → 10:10 → 13:00 → 14:20 → 15:40 → 17:10），留草稿 0 章，提醒 2 条
